── R CMD build ──────────────────────────────────────────────────────────────────────────────────────────────────────
     checking for file ‘/private/var/folders/7l/3g9s6sfd34j731nqkjr_7_c80000gs/T/RtmpzcMLJY/remotes34b0761e830e/KristinaSchuep-pseudonymizer-70b4276/DESCRIPTION’ ...  ✔  checking for file ‘/private/var/folders/7l/3g9s6sfd34j731nqkjr_7_c80000gs/T/RtmpzcMLJY/remotes34b0761e830e/KristinaSchuep-pseudonymizer-70b4276/DESCRIPTION’
  ─  preparing ‘pseudonymizer’:
     checking DESCRIPTION meta-information ...  ✔  checking DESCRIPTION meta-information
  ─  checking for LF line-endings in source and make files and shell scripts
  ─  checking for empty or unneeded directories
  ─  building ‘pseudonymizer_0.0.0.9000.tar.gz’
     
-/                                                                                                                   /                                                                                                                   -                                                                                                                   # A tibble: 3 × 20
  geschl…¹ zivil…² rolle famil…³ aufen…⁴ vermö…⁵ steue…⁶ el-be…⁷ sh-be…⁸ amount id_fo…⁹ pseud…˟ birth…˟ plz4  addre…˟
  <chr>    <chr>   <chr>   <dbl> <chr>     <dbl>   <dbl>   <dbl>   <dbl>  <dbl> <chr>   <chr>     <dbl> <chr>   <int>
1 Sex#M    Civil … Kind        3 CHResi…       0   12345       0       0    100 756.99… 6703a6…    1995 8045        1
2 Sex#W    Civil … Antr…       2 <NA>      10000   99999       1       0   2000 756999… 95daff…    1982 8135        2
3 Sex#M    Civil … Antr…       1 CHResi…   20000  400000      NA      NA    -50 756999… a8d26c…    1977 8525        3
# … with 5 more variables: address_flag <dbl>, egid_pseudo <int>, egid_flag <int>, ewid_pseudo <int>,
#   ewid_flag <dbl>, and abbreviated variable names ¹​geschlecht, ²​zivilstand, ³​familiengrösse,
#   ⁴​aufenthaltsbewilligung, ⁵​vermögen, ⁶​steuerbareseinkommen, ⁷​`el-bezug`, ⁸​`sh-bezug`, ⁹​id_format, ˟​pseudo_id,
#   ˟​birthyear, ˟​address_id
# ℹ Use `colnames()` to see all variable names
  geschlecht   zivilstand          rolle familiengrösse aufenthaltsbewilligung vermögen steuerbareseinkommen
1      Sex#M Civil stat#L           Kind              3           CHResidenc#B        0                12345
2      Sex#W Civil stat#S Antragssteller              2                   <NA>    10000                99999
3      Sex#M Civil stat#W Antragssteller              1           CHResidenc#L    20000               400000
  el-bezug sh-bezug amount        id_format                                                        pseudo_id
1        0        0    100 756.9999.9999.99 6703a61b29479e478d72625134e7527f53161a3e8e4816bf7801e0dc45c58fce
2        1        0   2000    7569999999999 95daffcadf18a6d37fd197e7a0239de5b88f26771afc872a1029b4bdabc548ed
3       NA       NA    -50    7569999999999 a8d26c32f76a92a5ef8623cd143c1f0364ef090eef718942558139133cacdd91
  birthyear plz4 address_id address_flag egid_pseudo egid_flag ewid_pseudo ewid_flag
1      1995 8045          1            0           1         0          NA         1
2      1982 8135          2            0           2         0          NA         1
3      1977 8525          3            0           3         0           2         0
-/                                                                                                                   /                                                                                                                   -                                                                                                                   [1] "1995-08-29 UTC" "1982-11-01 UTC" "1977-03-09 UTC"
[1] "1995-08-29 UTC" "1982-11-01 UTC" "1977-03-09 UTC"
# A tibble: 3 × 1
  birthday           
  <dttm>             
1 1995-08-29 00:00:00
2 1982-11-01 00:00:00
3 1977-03-09 00:00:00
[1] "function (tzone = \"\") _Philipp.log"       "{_Philipp.log"                              "    with_tz(Sys.time(), tzone)_Philipp.log"
[4] "}_Philipp.log"                             
[1] "function (tzone = \"\") _Philipp.log"       "{_Philipp.log"                              "    with_tz(Sys.time(), tzone)_Philipp.log"
[4] "}_Philipp.log"                             
